// Jest Snapshot v1, https://goo.gl/fbAQLP

exports[`Testing MovieTile component Testing movie tile rendering 1`] = `
<DocumentFragment>
  <a
    href="/123"
  >
    <div
      class="movieTile"
    >
      <img
        alt="Barbie"
        src="Comedy/Barbie.jpg"
        width="322px"
      />
      <div
        class="movieInfo"
      >
        <div
          class="flex-container"
        >
          <div
            class="name"
          >
            Barbie
          </div>
          <div
            class="year"
          >
            2023
          </div>
        </div>
        <div
          class="ganres"
        >
          COMEDY,HORROR
        </div>
      </div>
    </div>
  </a>
</DocumentFragment>
`;
