// Jest Snapshot v1, https://goo.gl/fbAQLP

exports[`Testing MovieForm component Testing movie form rendering 1`] = `
<DocumentFragment>
  <form
    class="movieForm"
  >
    <div
      class="column-2-3"
    >
      <label
        for="title"
      >
        Title:
      </label>
      <input
        id="title"
        name="title"
        type="text"
        value=""
      />
      <label
        for="movie-url"
      >
        Movie URL:
      </label>
      <input
        id="movie-url"
        name="movie-url"
        type="text"
        value=""
      />
      <label>
        Genre:
      </label>
      <input
        id="janres"
        name="janres"
        type="text"
        value=""
      />
    </div>
    <div
      class="column-1-3"
    >
      <label
        for="release-date"
      >
        Release Date:
      </label>
      <input
        id="release-date"
        name="release-date"
        type="date"
        value=""
      />
      <label
        for="rating"
      >
        Rating:
      </label>
      <input
        id="rating"
        name="rating"
        type="text"
        value=""
      />
      <label
        for="runtime"
      >
        Runtime:
      </label>
      <input
        id="runtime"
        name="runtime"
        type="text"
        value=""
      />
    </div>
    <div
      class="full-width"
    >
      <label
        for="overview"
      >
        Overview:
      </label>
      <textarea
        id="overview"
        name="overview"
        rows="4"
      />
    </div>
    <div
      class="buttonBlock"
    >
      <button
        class="resetButton"
      >
        RESET
      </button>
      <button
        class="submitButton"
        type="submit"
      >
        SUBMIT
      </button>
    </div>
  </form>
</DocumentFragment>
`;
